[www.up.ac.za/index.html]
[backblue.gif]
[fade.gif]
[index.html]
[www.up.ac.za/lib/bootstrap4-toggle-3.6.1/css/bootstrap4-toggle.min.css]
[www.up.ac.za/themes/up2.0/css/bootstrap.min.css]
[www.up.ac.za/themes/up2.0/css/style3c80.css]
[www.up.ac.za/themes/up2.0/css/generale01c.css]
[www.up.ac.za/themes/up2.0/css/modifiersc00b.css]
[www.up.ac.za/themes/up2.0/css/icons/css/font-awesome.css]
[www.up.ac.za/themes/up2.0/css/compiled-jqueryeee3.css]
[www.up.ac.za/themes/up2.0/assets/css/ie10-viewport-bug-workaround.css]
[www.up.ac.za/themes/up2.0/favicons/apple-touch-icon.png]
[www.up.ac.za/themes/up2.0/favicons/safari-pinned-tab.svg]
[www.up.ac.za/themes/up2.0/favicons/favicon.ico]
[www.up.ac.za/themes/up2.0/favicons/mstile-144x144.png]
[www.up.ac.za/themes/up2.0/favicons/browserconfig.xml]
[www.up.ac.za/themes/up2.0/js/jquery-1.11.0.min.js]
[www.up.ac.za/themes/up2.0/js/jquery-migrate-1.2.1.min.js]
[www.up.ac.za/themes/up2.0/js/google_jsapi.js]
[www.up.ac.za/lib/js/jwplayer/player5.7/jwplayer.js]
[www.up.ac.za/themes/up2.0/js/popper.min.js]
[www.up.ac.za/themes/up2.0/js/bootstrap.min.js]
[www.up.ac.za/lib/bootstrap4-toggle-3.6.1/js/bootstrap4-toggle.min.js]
[www.up.ac.za/lib/js/jquery.livequery.js]
[www.up.ac.za/lib/js/jquery.inline-validator-v1.5.js]
[www.up.ac.za/lib/js/jquery.cookie.js]
[www.up.ac.za/lib/js/cookie-preferenceseedb.js]
[www.up.ac.za/themes/up2.0/js/modifiers136b.js]
[www.up.ac.za/themes/up2.0/images/vertical-logo-bg.png]
[www.up.ac.za/students.html]
[www.up.ac.za/parents.html]
[www.up.ac.za/alumni.html]
[www.up.ac.za/visitors.html]
[www.up.ac.za/up-media.html]
[www.up.ac.za/themes/up2.0/images/horizontal-logo-bg.png]
[www.up.ac.za/siteindex.html]
[www.up.ac.za/article/2749257/about-us.html]
[www.up.ac.za/article/2749381/our-story.html]
[www.up.ac.za/teaching-and-learning.html]
[www.up.ac.za/article/2749291/management-governance.html]
[www.up.ac.za/article/2754069/up-policies-and-other-important-documents.html]
[www.up.ac.za/article/2749387/world-rankings-.html]
[www.up.ac.za/article/2749429/partnerships-and-collaborations-.html]
[www.up.ac.za/article/2749393/faculties.html]
[www.up.ac.za/article/2749435/campuses-maps-directions.html]
[www.up.ac.za/institutes-and-centres.html]
[www.up.ac.za/article/2749712/enterprises.html]
[www.up.ac.za/support-services.html]
[www.up.ac.za/usr.html]
[www.up.ac.za/article/2749769/news-and-events.html]
[www.up.ac.za/department-of-institutional-advancement/article/1967841/the-university-of-pretoria-publications.html]
[www.up.ac.za/human-resources-department/article/257103/careersup.html]
[www.up.ac.za/tender/index.html]
[www.up.ac.za/article/2829394/the-up-way.html]
[www.up.ac.za/article/2749245/study.html]
[www.up.ac.za/programmes.html]
[www.up.ac.za/article/2749188/what-to-expect.html]
[www.up.ac.za/online-application.html]
[www.up.ac.za/article/2749200/fees-and-funding.html]
[www.up.ac.za/article/2749212/student-success.html]
[www.up.ac.za/student-affairs.html]
[www.up.ac.za/yearbooks/home.html]
[www.up.ac.za/disability-unit.html]
[www.up.ac.za/international-cooperation-division.html]
[www.up.ac.za/postgraduate-support.html]
[www.up.ac.za/article/2749239/school-learners.html]
[www.up.ac.za/uponline.html]
[www.up.ac.za/students/article/3077328/chat-to-a-up-buddy.html]
[www.up.ac.za/article/2749285/research.html]
[www.up.ac.za/article/2749375/research-overview.html]
[www.up.ac.za/leaders-in-research.html]
[www.up.ac.za/research-reports-and-news.html]
[www.up.ac.za/research-focus-areas.html]
[www.up.ac.za/research-support.html]
[www.up.ac.za/research-and-innovation.html]
[www.up.ac.za/postgraduate-study-and-research.html]
[www.up.ac.za/postdoctoral-research.html]
[www.up.ac.za/article/2749279/campus-life.html]
[www.up.ac.za/article/2749423/accommodation-and-places-to-eat.html]
[www.up.ac.za/article/2749571/arts-culture-and-museums.html]
[www.up.ac.za/article/2749577/health-well-being.html]
[www.up.ac.za/tukssport.html]
[www.up.ac.za/department-of-security-services/article/23390/safety-on-campus.html]
[www.up.ac.za/student-governance.html]
[www.up.ac.za/student-development.html]
[www.up.ac.za/up-wireless-network/article/277134/wifi-coverage-maps-campus-view.html]
[www.up.ac.za/article/2749949/things-to-do.html]
[www.up.ac.za/article/2749763/transport-and-getting-to-campus.html]
[www.up.ac.za/article/2749273/giving-to-up.html]
[www.up.ac.za/advancement-fundraising/article/257493/ways-to-give.html]
[www.up.ac.za/advancement-fundraising/article/2748094/benefits-of-giving.html]
[www.up.ac.za/article/2749417/social-responsibility.html]
[www.up.ac.za/advancement-fundraising/article/2748057/fundraising-priorities.html]
[www.up.ac.za/advancement-fundraising/article/2730253/contact-us.html]
[www.up.ac.za/enquiry.html]
[www.up.ac.za/news/post_3112845-top-scholars-honoured-at-the-university-of-pretorias-annual-academic-achievers-awards.html]
[www.up.ac.za/crop/h298/w1101/1/2022/November 2022/Banners/academicachievers2022banner.zp226599.jpg]
[www.up.ac.za/news/post_3109735-upcares-about-your-financial-well-being.html]
[www.up.ac.za/crop/h298/w1101/1/2022/October 2022/Banners/rotating-up-cares-financial-aid-banners.zp225798.png]
[www.up.ac.za/themes/up2.0/images/loading-img.png]
[www.up.ac.za/crop/h347/w719/1/2022/June 2022/undergraduateimage3.zp221100.jpg]
[www.up.ac.za/crop/h347/w719/1/2022/June 2022/postgraduateimage.zp221123.jpg]
[www.up.ac.za/student-accommodation.html]
[www.up.ac.za/postgraduate-support/article/2959913/postdoctoral-fellowships-.html]
[www.up.ac.za/research-matters/news/post_3111759-up-scientist-joins-call-to-protect-southern-ocean.html]
[www.up.ac.za/crop/h370/w774/838/News Articles pics/Southern Oceans/adelie-penguin-thumbnail.zp226268.jpg]
[www.up.ac.za/research-matters/news/post_3093301-re.html]
[www.up.ac.za/zpimages/thumb/774/370/1/2022/August 2022/re.search-banner_web-thumbnail-690x387.zp222510.png]
[www.up.ac.za/research-matters.html]
[www.up.ac.za/media/shared/520/Publications/2021/up-at-a-glance-2021.zp216034.pdf]
[www.up.ac.za/crop/h464/w466/1/2022/June 2022/danilo-von-ludwiger.zp221148.png]
[www.up.ac.za/crop/h464/w466/1/2022/June 2022/carmen-fernandes.zp221146.png]
[www.up.ac.za/crop/h464/w466/1/2022/June 2022/nombasa-more.zp221143.png]
[www.up.ac.za/news/post_3114215-is-south-africa-a-failing-state.html]
[www.up.ac.za/crop/h232/w344/1/a-lead-x.zp226981.jpg]
[www.up.ac.za/news/post_3113890-world-diabetes-day-education-is-the-cornerstone-of-diabetes-care-up-researcher.html]
[www.up.ac.za/crop/h232/w344/1/a-wd.zp226916.jpg]
[www.up.ac.za/news/post_3113430-up-fellow-shines-at-the-south-african-literature-awards.html]
[www.up.ac.za/crop/h232/w344/1/2022/November 2022/nokuthulamazibukomsimang.zp226672.jpg]
[www.up.ac.za/news/post_3113299-up-expert-opinion-africa-strives-to-make-voice-heard-amid-global-tensions.html]
[www.up.ac.za/zpimages/thumb/344/232/529/News/Adebajo 2022/oct-2022.zp226653.jpg]
[www.up.ac.za/news/post_3113162-south-africas-unprecedented-youth-unemployment-crisis-is-akin-to-a-pandemic.html]
[www.up.ac.za/crop/h232/w344/1/2022/November 2022/karin-barac349.zp226628.jpg]
[www.up.ac.za/news/post_3113020-up-hosts-high-level-dialogue-to-assess-the-un-security-councils-impact-in-africa.html]
[www.up.ac.za/crop/h232/w344/1/2022/November 2022/unflag_349.zp226611.jpg]
[www.up.ac.za/news/post_3113144-contemplating-a-just-energy-transition-in-the-quest-for-zero-carbon-emissions.html]
[www.up.ac.za/crop/h232/w344/7/ZP_Galleries/Videos/webb.zp226631.jpg]
[www.up.ac.za/news/post_3113187-up-professor-appointed-board-member-of-the-mrc-and-who-technical-panel-.html]
[www.up.ac.za/crop/h232/w344/8/2022/pilay-329.zp226666.jpg]
[www.up.ac.za/news.html]
[www.up.ac.za/news/rss/all/11]
[www.up.ac.za/themes/up2.0/images/virtual-campus.png]
[www.up.ac.za/cdn-cgi/l/email-protection.html]
[www.up.ac.za/themes/up2.0/images/google-play-badge.png]
[www.up.ac.za/themes/up2.0/images/apple-store-badge.png]
[www.up.ac.za/tender.html]
[www.up.ac.za/internal-audit-and-compliance-services/article/3011203/ethics-hotline.html]
[www.up.ac.za/web-office/article/2884659/website-privacy-notice.html]
[www.up.ac.za/web-office/article/2895058/disclaimer.html]
[www.up.ac.za/web-office/article/2882822/terms-of-use-website.html]
[www.up.ac.za/coronavirus-updates/article/2882881/coronavirus-faq-the-university-of-pretorias-response.html]
[www.up.ac.za/faq.html]
[www.up.ac.za/themes/up2.0/images/360-ico.png]
[www.up.ac.za/feedback/request.html]
[www.up.ac.za/cdn-cgi/scripts/5c5dd728/cloudflare-static/email-decode.min.js]
[www.up.ac.za/themes/up2.0/js/back-to-top.js]
[www.up.ac.za/themes/up2.0/js/compiled-jquery6b5d.js]
[www.up.ac.za/themes/up2.0/js/jquery.matchHeight-min.js]
[www.up.ac.za/themes/up2.0/plugins/calendar/responsive-calendar.min.js]
[www.up.ac.za/themes/up2.0/plugins/fancybox/jquery.fancybox.min.js]
[www.up.ac.za/themes/up2.0/plugins/flexslider/jquery.flexslider-min.js]
[www.up.ac.za/themes/up2.0/plugins/menu/jquery.mmenu.min.all.js]
[www.up.ac.za/themes/up2.0/plugins/responsive-tables/footable.min.js]
[www.up.ac.za/themes/up2.0/plugins/slick-carousel/slick.min.js]
[www.up.ac.za/themes/up2.0/plugins/typeahead/jquery.typeahead.min.js]
[www.up.ac.za/index.html]
[www.up.ac.za/lib/bootstrap4-toggle-3.6.1/css/bootstrap4-toggle.min.css]
[www.up.ac.za/themes/up2.0/css/bootstrap.min.css]
[www.up.ac.za/themes/up2.0/assets/js/ie10-viewport-bug-workaround.js]
[www.up.ac.za/themes/up2.0/images/virtual-tour-bg-u.jpg]
[www.up.ac.za/themes/up2.0/css/style3c80.css]
[www.up.ac.za/themes/up2.0/css/generale01c.css]
[www.up.ac.za/themes/up2.0/css/modifiersc00b.css]
[www.up.ac.za/themes/up2.0/css/icons/fonts/fontawesome-webfont5b62.eot]
[www.up.ac.za/themes/up2.0/css/icons/fonts/fontawesome-webfontd41d.eot]
[www.up.ac.za/themes/up2.0/css/icons/fonts/fontawesome-webfont5b62.woff]
[www.up.ac.za/themes/up2.0/css/icons/fonts/fontawesome-webfont5b62.ttf]
[www.up.ac.za/themes/up2.0/css/icons/css/font-awesome.css]
[www.up.ac.za/themes/up2.0/plugins/calendar/responsive-calendar.css]
[www.up.ac.za/themes/up2.0/plugins/fancybox/jquery.fancybox.min.css]
[www.up.ac.za/themes/up2.0/plugins/flexslider/flexslider.css]
[www.up.ac.za/themes/up2.0/css/icons/fonts/fontawesome-webfont5b62.svg]
[www.up.ac.za/themes/up2.0/plugins/menu/jquery.mmenu.all.css]
[www.up.ac.za/themes/up2.0/plugins/responsive-tables/footable.standalone.min.css]
[www.up.ac.za/themes/up2.0/plugins/slick-carousel/slick.css]
[www.up.ac.za/themes/up2.0/plugins/slick-carousel/slick-theme.css]
[www.up.ac.za/themes/up2.0/css/compiled-jqueryeee3.css]
[www.up.ac.za/themes/up2.0/assets/css/ie10-viewport-bug-workaround.css]
[www.up.ac.za/themes/up2.0/favicons/site.html]
[www.up.ac.za/themes/up2.0/favicons/safari-pinned-tab.svg]
[www.googletagmanager.com/gtm5445.html]
[www.up.ac.za/themes/up2.0/plugins/typeahead/jquery.typeahead.min.css]
[www.up.ac.za/themes/up2.0/css/colours/dark-blue.css]
[www.up.ac.za/students/siteindex.html]
[www.up.ac.za/students/article/2734373/prospective-students.html]
[www.up.ac.za/choose-up/index.html]
[www.up.ac.za/international-cooperation-division/article/3008138/international-prospective-students.html]
[www.up.ac.za/teaching-and-learning/article/2314706/flyup-minimum-time-to-completion.html]
[www.up.ac.za/up-campus-tours.html]
[www.up.ac.za/juniortukkie.html]
[www.up.ac.za/career-services.html]
[www.up.ac.za/career-services/article/2891917/ready-for-work.html]
[www.up.ac.za/students/article/2635078/undergraduate-.html]
[www.up.ac.za/online-registration.html]
[www.up.ac.za/students/article/2745811/wintersummer-school-information.html]
[www.up.ac.za/international-cooperation-division/article/3008191/current-students.html]
[www.up.ac.za/students/article/2745816/faculty-appeals-for-readmission.html]
[www.up.ac.za/media/shared/368/Faculty Brochures/2023/infoguide-2022-final-pdf-06.12.2021.zp213424.pdf]
[www.up.ac.za/students/article/2745831/forms-request-to-change-information.html]
[www.up.ac.za/up-graduations.html]
[www.up.ac.za/students/article/2745903/self-help-guides.html]
[www.up.ac.za/students/article/2826354/postgraduate.html]
[www.up.ac.za/students/article/2985202/what-to-study-pg.html]
[www.up.ac.za/postgraduate-support/article/2960400/pg-application-process.html]
[www.up.ac.za/postgraduate-support/article/2959907/postgraduate-research-support.html]
[www.up.ac.za/postgraduate-support/article/2959901/postgraduate-funding-opportunitiesa.html]
[www.up.ac.za/department-of-security-services/article/52070/access-cards.html]
[www.up.ac.za/article/2749571/arts-culture-.html]
[www.up.ac.za/media/shared/691/2022/chooseup-application-faq-.zp216741.pdf]
[www.up.ac.za/crop/h298/w1101/368/ZP_Banners/banner1.zp224220.jpg]
[www.up.ac.za/media/shared/624/2022/16953_up-post-graduate-brochure_d10-interactive.zp214892.pdf]
[www.up.ac.za/crop/h298/w1101/368/ZP_Banners/web-chooseup-postgrad2.zp217106.jpg]
[www.up.ac.za/teaching-and-learning/article/2494904/faculty-student-advisors-fsas.html]
[www.up.ac.za/students/article/2734373/prospective.html]
[www.up.ac.za/media/shared/368/2019/prospective.zp169041.jpg]
[www.up.ac.za/media/shared/368/2019/undergraduates.zp169042.jpg]
[www.up.ac.za/media/shared/368/2019/graduates.zp169043.jpg]
[www.up.ac.za/programmes/year/2020/type/pg.html]
[www.up.ac.za/media/shared/368/Home Page Icons/onlinestudystudents.zp186565.jpg]
[www.up.ac.za/media/shared/368/2019/feesandfunding.zp169038.jpg]
[www.up.ac.za/article/2894107/financial-aid.html]
[www.up.ac.za/media/shared/1/2020/funding.zp190751.jpg]
[www.up.ac.za/students/article/2862574/up-gmail-information.html]
[www.up.ac.za/media/shared/368/Home Page Icons/undergraduates.zp182759.jpg]
[www.up.ac.za/media/shared/368/2019/campuslife.zp169044.jpg]
[www.up.ac.za/media/shared/368/2019/contactus.zp169039.jpg]
[www.up.ac.za/media/shared/368/stay-ahead-with-your-studies-despite-load-shedding-copy-2-1.zp206126.jpg]
[www.up.ac.za/crop/h232/w344/368/stay-ahead-with-your-studies-despite-load-shedding-copy-2-1.zp206126.jpg]
[www.up.ac.za/students.html]
[www.up.ac.za/themes/up/js/readmore.min.js]
[www.up.ac.za/parents/siteindex.html]
[www.up.ac.za/article/2750153/chooseup.html]
[www.up.ac.za/disability-unit/index.html]
[www.up.ac.za/student-fees.html]
[www.up.ac.za/student-fees/article/2736000/residence-fees.html]
[www.up.ac.za/article/2749435/campuses.html]
[www.up.ac.za/parents/article/2749674/contact-us.html]
[www.up.ac.za/coronavirus-updates.html]
[www.up.ac.za/crop/h298/w1101/384/caronavirus-awareness-web-rotating.zp187435.png]
[www.up.ac.za/student-funding/article/3043708/nsfas-appeal-process-2022.html]
[www.up.ac.za/crop/h298/w1101/384/2021/1101x298px-web-copy-2-1.zp201815.jpg]
[www.up.ac.za/crop/h298/w1101/384/banner.zp190920.jpg]
[www.up.ac.za/media/shared/1/ZP_Images/news_image.zp169141.jpg]
[www.up.ac.za/media/shared/384/ZP_Images/choose_upparents.zp169086.jpg]
[www.up.ac.za/media/shared/384/ZP_Images/study_info_parents.zp169087.jpg]
[www.up.ac.za/media/shared/384/ZP_Images/fees_funding-shutterstock_parents.zp169088.jpg]
[www.up.ac.za/media/shared/384/ZP_Images/campus_lifeparents.zp169080.jpg]
[www.up.ac.za/parents.html]
[www.up.ac.za/alumni/siteindex.html]
[www.up.ac.za/alumni/article/2745923/up-alumni-connect.html]
[www.up.ac.za/alumni/article/2745883/update-your-details.html]
[www.up.ac.za/alumni/article/269475/clubs-and-interest-groups.html]
[www.up.ac.za/alumni/article/2745850/share-your-story.html]
[www.up.ac.za/alumni/article/3047833/alumni-benefits.html]
[www.up.ac.za/alumni/article/2745826/academic-transcripts.html]
[www.up.ac.za/alumni/article/269487/your-career.html]
[www.up.ac.za/convocation.html]
[www.up.ac.za/alumni/article/2758929/giving-to-up.html]
[www.up.ac.za/alumni/article/269319/alma-mater-fund.html]
[www.up.ac.za/alumni/article/3028394/phahama-feed-a-student.html]
[www.up.ac.za/alumni/article/2745857/almamatters.html]
[www.up.ac.za/alumni/article/2745878/tukkie-magazine-.html]
[www.up.ac.za/alumni/article/2989173/leadup.html]
[www.up.ac.za/alumni/article/256572/contact-alumni-relations.html]
[www.up.ac.za/alumni/podcasts.html]
[www.up.ac.za/crop/h298/w1101/364/abb-web-banner-rotating-1101x298-leadup-podcast-s2-eps6.zp224445.jpg]
[www.up.ac.za/crop/h298/w1101/364/2022/Banners/1101x298-resized-pics7.zp224442.png]
[www.up.ac.za/crop/h298/w1101/364/2022/Banners/1101x298-resized-pics3.zp224444.png]
[www.up.ac.za/media/shared/364/2022/images/Alumni Home Images/900x500-resized-pics7.zp224142.png]
[www.up.ac.za/media/shared/364/2022/images/Alumni Home Images/550x500-resized-pics3.zp224143.png]
[www.up.ac.za/media/shared/364/2022/images/Alumni Home Images/550x500-resized-pics4.zp224144.png]
[www.up.ac.za/media/shared/364/2022/images/Alumni Home Images/xolani-resize-copy11.zp224166.jpg]
[www.up.ac.za/alumni/article/2903928/leadup-online-alumni-events-.html]
[www.up.ac.za/media/shared/364/2022/images/Alumni Home Images/xolani-resize-copy5.zp224167.jpg]
[www.up.ac.za/media/shared/364/2022/images/Alumni Home Images/900x500-resized-pics6.zp224168.png]
[www.up.ac.za/media/shared/364/2022/images/Alumni Home Images/900x500-resized-updated-details.zp224441.jpg]
[www.up.ac.za/alumni/alumniform.html]
[www.up.ac.za/media/shared/364/2022/images/Alumni Home Images/550x500-resized-pics5.zp224170.png]
[www.up.ac.za/media/shared/364/2022/images/Alumni Home Images/xolani-resize-copy8.zp224188.jpg]
[www.up.ac.za/media/shared/364/2022/images/Alumni Home Images/resized-pics2.zp225302.png]
[www.up.ac.za/media/shared/364/2022/images/Alumni Home Images/550x500-resized-pics-convocation.zp224172.jpg]
[www.up.ac.za/alumni/article/256578/tuksalumni-association.html]
[www.up.ac.za/media/shared/364/2022/images/Alumni Home Images/900x500-resized-pics2.zp224173.png]
[www.up.ac.za/alumni/news/post_3114215-is-south-africa-a-failing-state.html]
[www.up.ac.za/crop/h520/w690/1/a-lead-x.zp226981.jpg]
[www.up.ac.za/alumni/news/post_3113742-to-be-the-best-we-had-to-compete-with-the-best-up-alumnus-on-why-he-and-his-brother-chose-up-.html]
[www.up.ac.za/crop/h520/w690/364/nhlanhla.zp226884.jpg]
[www.up.ac.za/alumni/news/post_3112884-how-up-offerings-set-up-the-linda-sisters-to-fly.html]
[www.up.ac.za/crop/h520/w690/364/sthe.zp226600.jpg]
[www.up.ac.za/alumni/news/post_3112517-thank-you-for-welcoming-me-home-miss-sa-ndavi-nokeri-visits-her-alma-mater.html]
[www.up.ac.za/crop/h520/w690/364/a-ndavi.zp226540.jpg]
[www.up.ac.za/alumni/news.html]
[www.up.ac.za/alumni/news/rss/all/379]
[www.up.ac.za/alumni.html]
[www.up.ac.za/themes/up2.0/css/colours/blue.css]
[www.up.ac.za/visitors/siteindex.html]
[www.up.ac.za/calendar.html]
[www.up.ac.za/visitors/article/2750144/places-of-interest.html]
[www.up.ac.za/museums-collections.html]
[www.up.ac.za/sci-enza.html]
[www.up.ac.za/botanical-garden.html]
[www.up.ac.za/visitors/article/2756895/places-to-eat.html]
[www.up.ac.za/visitors/article/2750104/how-to-get-to-up.html]
[www.up.ac.za/visitors/article/2750130/access-to-campus.html]
[www.up.ac.za/department-of-security-services.html]
[www.up.ac.za/department-of-security-services/article/52052/gate-times.html]
[www.up.ac.za/department-of-security-services/article/52064/parking.html]
[www.up.ac.za/visitors/article/2750111/where-to-stay.html]
[www.up.ac.za/crop/h298/w1101/595/ZP_Banners/visitorsbanner2.zp169221.jpg]
[www.up.ac.za/media/shared/595/ZP_Images/140_20180829.zp169093.jpg]
[www.up.ac.za/media/shared/1/2019/artsandculture/javet.zp169150.jpg]
[www.up.ac.za/media/shared/595/ZP_Images/how-to-get-to-up.zp169091.jpg]
[www.up.ac.za/media/shared/595/ZP_Images/campussafety.zp169092.jpg]
[www.up.ac.za/calendar/index.html]
[www.up.ac.za/media/shared/595/ZP_Images/hpc-image-1.zp169219.jpg]
[www.up.ac.za/media/shared/1/2019/campus life/visualcampus.zp168971.jpg]
[www.up.ac.za/visitors.html]
[www.up.ac.za/up-media/siteindex.html]
[www.up.ac.za/up-media/article/2750062/media-campus-visits.html]
[www.up.ac.za/up-media/article/2750068/media-gallery.html]
[www.up.ac.za/up-media/article/2750075/media-releases.html]
[www.up.ac.za/up-media/article/2750097/publications.html]
[www.up.ac.za/up-media/article/2870100/expert-database.html]
[www.up.ac.za/crop/h298/w1101/733/Media/shutterstock-media-persona1.zp169204.jpg]
[www.up.ac.za/up-media.html]
[www.up.ac.za/lib/css/ui/1.10.3/jquery.ui.theme.css]
[www.up.ac.za/lib/css/ui/1.10.3/jquery.ui.core.css]
[www.up.ac.za/lib/css/ui/1.10.3/jquery.ui.autocomplete.css]
[www.up.ac.za/themes/up2.0/images/banner-img-04.jpg]
[www.up.ac.za/10th-joburg-school-on-string-theory.html]
[www.up.ac.za/cf-stringschool2022.html]
[www.up.ac.za/colloquium2019.html]
[www.up.ac.za/cf-iacl2021.html]
[www.up.ac.za/cf-IOUS2020.html]
[www.up.ac.za/7th-joburg-workshop-on-string-theory.html]
[www.up.ac.za/access-system.html]
[www.up.ac.za/-accounting.html]
[www.up.ac.za/insurance-and-actuarial-science.html]
[www.up.ac.za/advanced-sensor-networks.html]
[www.up.ac.za/advancement-opportunities.html]
[www.up.ac.za/advancement-fundraising.html]
[www.up.ac.za/aeronautical-group.html]
[www.up.ac.za/african-association-for-history-education-ahe-afrika-.html]
[www.up.ac.za/acsus.html]
[www.up.ac.za/african-centre-of-excellence-for-information-ethics.html]
[www.up.ac.za/african-languages.html]
[www.up.ac.za/south-african-observatory-for-environmental-humanities.html]
[www.up.ac.za/african-tax-institute.html]
[www.up.ac.za/afrikaans-english.html]
[www.up.ac.za/agricultural-economics-extension-and-rural-development.html]
[www.up.ac.za/aim-labs.html]
[www.up.ac.za/aktua.html]
[www.up.ac.za/albert-luthuli-leadership-institute.html]
[www.up.ac.za/anaesthesiology.html]
[www.up.ac.za/analabs.html]
[www.up.ac.za/anatomical-pathology.html]
[www.up.ac.za/anatomy.html]
[www.up.ac.za/anatomy-physiology.html]
[www.up.ac.za/ancient-modern-languages-cultures.html]
[www.up.ac.za/animal-ethics-committee-aec.html]
[www.up.ac.za/animal-science.html]
[www.up.ac.za/sasbcp2019.html]
[www.up.ac.za/ansie-harding-personal.html]
[www.up.ac.za/anthropology-archaeology.html]
[www.up.ac.za/antidiscrimination.html]
[www.up.ac.za/architecture.html]
[www.up.ac.za/arua-centre-of-excellence-in-sustainable-food-systems.html]
[www.up.ac.za/assa2019.html]
[www.up.ac.za/centre-for-asset-integrity-management.html]
[www.up.ac.za/cricket.html]
[www.up.ac.za/audiovisual-products.html]
[www.up.ac.za/auditing.html]
